// Jest Snapshot v1, https://goo.gl/fbAQLP

exports[`Should add header and footer 1`] = `
<React.Fragment>
  <div>
    Header
  </div>
  <Route
    render={[Function]}
  />
  <div>
    Footer
  </div>
</React.Fragment>
`;
