// Jest Snapshot v1, https://goo.gl/fbAQLP

exports[`should render without crashing 1`] = `
Array [
  <span>
    SomeAccount
  </span>,
  <span>
    200
  </span>,
  <button
    className="btn btn-primary"
    disabled={false}
    onClick={[Function]}
    type="button"
  />,
]
`;
