// Jest Snapshot v1, https://goo.gl/fbAQLP

exports[`Landing should render without crashing 1`] = `
<div
  className="App"
>
  <header
    className="App-header"
  >
    <img
      alt="logo"
      className="App-logo"
      src="logo.svg"
    />
    <p>
      <span
        aria-label="beer"
        role="img"
      >
        üç∫ Edit
      </span>
      and save to reload.
      <br />
      <a
        href="/login"
      >
        Let me in
      </a>
    </p>
  </header>
</div>
`;
