// Jest Snapshot v1, https://goo.gl/fbAQLP

exports[`should render without crashing 1`] = `
<div
  className="Login"
>
  <form
    onSubmit={[Function]}
  >
    <div
      className="form-group"
    >
      <label
        className="form-label"
        htmlFor="username"
      >
        Username
      </label>
      <input
        autoFocus={true}
        className="form-control"
        id="username"
        onChange={[Function]}
        type="username"
        value=""
      />
    </div>
    <div
      className="form-group"
    >
      <label
        className="form-label"
        htmlFor="password"
      >
        Password
      </label>
      <input
        className="form-control"
        id="password"
        onChange={[Function]}
        type="password"
        value=""
      />
    </div>
    <button
      className="btn btn-primary btn-block"
      disabled={true}
      type="submit"
    >
      Login
    </button>
  </form>
</div>
`;
